// Jest Snapshot v1, https://goo.gl/fbAQLP

exports[`should test the add expense page 1`] = `
<div>
  <ExpenseForm
    onSubmit={[Function]}
  />
</div>
`;
