// Jest Snapshot v1, https://goo.gl/fbAQLP

exports[`should test listing an item from the expenses 1`] = `
<div>
  <Link
    replace={false}
    to="/edit/1"
  >
    <h1>
      Gum
    </h1>
  </Link>
  <p>
    0
  </p>
  <p>
    0
  </p>
</div>
`;
