// Jest Snapshot v1, https://goo.gl/fbAQLP

exports[`should test the login page 1`] = `
<div>
  <h1>
    Boiler Plate App
  </h1>
  <button>
    Login with Google
  </button>
</div>
`;
